<html>
<body>
<pre>
<h1>µVision Build Log</h1>
<h2>Tool Versions:</h2>
IDE-Version: µVision V5.30.0.0
Copyright (C) 2020 ARM Ltd and ARM Germany GmbH. All rights reserved.
License Information: sandro nael, non, LIC=----
 
Tool Versions:
Toolchain:       MDK-Lite  Version: 5.30.0.0
Toolchain Path:  C:\Keil_v5\ARM\ARMCC\Bin
C Compiler:      Armcc.exe V5.06 update 6 (build 750)
Assembler:       Armasm.exe V5.06 update 6 (build 750)
Linker/Locator:  ArmLink.exe V5.06 update 6 (build 750)
Library Manager: ArmAr.exe V5.06 update 6 (build 750)
Hex Converter:   FromElf.exe V5.06 update 6 (build 750)
CPU DLL:         SARMCM3.DLL V5.30.0.0
Dialog DLL:      DLM.DLL V1.26.0.0
    Target DLL: AGDIRDI.DLL
Dialog DLL:      TLM.DLL V1.24.0.0
 
<h2>Project:</h2>
E:\ASU\SENIOR 1\RealTime\Project 2\Examples\Example006\Example006.uvproj
Project File Date:  05/28/2020

<h2>Output:</h2>
*** Using Compiler 'V5.06 update 6 (build 750)', folder: 'C:\Keil_v5\ARM\ARMCC\Bin'
Rebuild target 'Source'
compiling heap_1.c...
compiling basic_io.c...
compiling list.c...
compiling queue.c...
compiling port.c...
compiling main.c...
main.c(202): warning:  #167-D: argument of type "char *" is incompatible with parameter of type "const signed char *const"
  			 xTaskCreate( vTaskCode1, e_arr , configMINIMAL_STACK_SIZE, (void*) (int)s_arr[a][6] ,(int)s_arr[a][5], &hand[a]  );
main.c(326): warning:  #1-D: last line of file ends without a newline
  }
main.c: 2 warnings, 0 errors
assembling startup_MPS_CM3.s...
compiling tasks.c...
linking...
Program Size: Code=10608 RO-data=228 RW-data=132 ZI-data=10052  
".\Output\Example006.axf" - 0 Error(s), 2 Warning(s).
Build Time Elapsed:  00:00:01
</pre>
</body>
</html>
